// Jest Snapshot v1, https://goo.gl/fbAQLP

exports[`Building the flexible class name returns the flexible class name with every property contained in the flexible classes object 1`] = `"flexible-box align-content-baseline align-content-center align-content-end align-content-space-around align-content-space-between align-content-space-evenly align-content-start align-content-stretch align-items-baseline align-items-center align-items-end align-items-start align-items-stretch align-self-auto align-self-baseline align-self-center align-self-end align-self-start align-self-stretch flexible-box-column flexible-box-column-reverse flexible-box-flex flexible-box-flex-grow flexible-box-inline-flex justify-content-center justify-content-end justify-content-space-around justify-content-space-between justify-content-space-evenly justify-content-start flexible-box-no-wrap flexible-box-row flexible-box-row-reverse flexible-box-wrap flexible-box-wrap-reverse"`;
