// Jest Snapshot v1, https://goo.gl/fbAQLP

exports[`Building the flexible class name returns the flexible class name with every property contained in the flexible classes object 1`] = `"flexible-box align-items-start align-items-end align-items-center align-items-baseline align-items-stretch justify-content-start justify-content-end justify-content-center justify-content-space-around justify-content-space-evenly justify-content-space-between align-content-start align-content-end align-content-center align-content-space-around align-content-space-evenly align-content-space-between align-content-baseline align-content-stretch align-self-start align-self-end align-self-center align-self-baseline align-self-stretch align-self-auto flexible-box-column flexible-box-row flexible-box-column-reverse flexible-box-row-reverse flexible-box-flex flexible-box-inline-flex flexible-box-wrap flexible-box-no-wrap flexible-box-wrap-reverse"`;
