// Jest Snapshot v1, https://goo.gl/fbAQLP

exports[`Building the flexible class name returns the flexible class name with every property contained in the flexible classes object 1`] = `"react-display-flex align-content-baseline align-content-center align-content-end align-content-space-around align-content-space-between align-content-space-evenly align-content-start align-content-stretch align-items-baseline align-items-center align-items-end align-items-start align-items-stretch align-self-auto align-self-baseline align-self-center align-self-end align-self-start align-self-stretch react-display-flex-column react-display-flex-column-reverse react-display-flex-flex react-display-flex-grow react-display-flex-inline-flex justify-content-center justify-content-end justify-content-space-around justify-content-space-between justify-content-space-evenly justify-content-start react-display-flex-no-wrap react-display-flex-row react-display-flex-row-reverse react-display-flex-wrap react-display-flex-wrap-reverse"`;
